Pawn compiler 3.2.3664	 	 	Copyright (c) 1997-2017, ITB CompuPhase


26 Errors.
